=== Import Diagnostics Startup ===

[WARN] File path does not exist: C:\Users\INT002\cognet_base_app\Sales team - Copy\file-classification-\api.py
[ERROR] Failed to load module gpu_api from C:\Users\INT002\cognet_base_app\Sales team - Copy\Gpu_server\Unified_PDF_Platform\unified_app.py:
Traceback (most recent call last):
  File "C:\Users\INT002\cognet_base_app\Sales team - Copy\app.py", line 73, in load_sub_app
    spec.loader.exec_module(module)
  File "<frozen importlib._bootstrap_external>", line 940, in exec_module
  File "<frozen importlib._bootstrap>", line 241, in _call_with_frames_removed
  File "C:\Users\INT002\cognet_base_app\Sales team - Copy\Gpu_server\Unified_PDF_Platform\unified_app.py", line 41, in <module>
    from summary_api import router as summary_router
  File "C:\Users\INT002\cognet_base_app\Sales team - Copy\Gpu_server\Unified_PDF_Platform\summary_api.py", line 12, in <module>
    from shared_configs import _perform_extraction, file_path_cache
  File "C:\Users\INT002\cognet_base_app\Sales team - Copy\Gpu_server\Unified_PDF_Platform\shared_configs.py", line 10, in <module>
    from unified_router import UnifiedRouter
  File "C:\Users\INT002\cognet_base_app\Sales team - Copy\Gpu_server\Unified_PDF_Platform\unified_router.py", line 19, in <module>
    from monitor.service import request_monitor
  File "C:\Users\INT002\cognet_base_app\Sales team - Copy\Gpu_server\monitor\__init__.py", line 21, in <module>
    from .monitor_db import monitor_db
  File "C:\Users\INT002\cognet_base_app\Sales team - Copy\Gpu_server\monitor\monitor_db.py", line 14, in <module>
    logging.FileHandler('monitor/monitor.log'),
    ^^^^^^^^^^^^^^^^^^^^^^^^^^^^^^^^^^^^^^^^^^
  File "C:\Users\INT002\AppData\Local\Programs\Python\Python311\Lib\logging\__init__.py", line 1181, in __init__
    StreamHandler.__init__(self, self._open())
                                 ^^^^^^^^^^^^
  File "C:\Users\INT002\AppData\Local\Programs\Python\Python311\Lib\logging\__init__.py", line 1213, in _open
    return open_func(self.baseFilename, self.mode,
           ^^^^^^^^^^^^^^^^^^^^^^^^^^^^^^^^^^^^^^^
FileNotFoundError: [Errno 2] No such file or directory: 'C:\\Users\\INT002\\cognet_base_app\\monitor\\monitor.log'

================================================================================

[WARN] File path does not exist: C:\Users\INT002\cognet_base_app\Sales team - Copy\base-claim-\app.py
